2026-03-09 12:28:00,741 | INFO | START build_dataset | pair=eurpln | H=[1, 7, 30, 90, 180, 365]
2026-03-09 12:28:00,741 | INFO | rolling_windows=[5, 10, 20, 60] | ema_spans=[10, 20]
2026-03-09 12:28:00,741 | INFO | Znaleziono plik źródłowy: C:\Users\admin\Documents\GitHub\EUR-PLN-Tracker\backend\runs\2026-03-09_122759\raw_eurpln.csv
2026-03-09 12:28:00,749 | INFO | Source rows=4083 | range=2010-01-04..2026-03-09
2026-03-09 12:28:00,749 | INFO | H=1 -> W=20
2026-03-09 12:28:00,874 | INFO | Saved C:\Users\admin\Documents\GitHub\EUR-PLN-Tracker\backend\data\ds_H1.csv | rows=4023 | cols=48 | W=20
2026-03-09 12:28:00,874 | INFO | H=7 -> W=30
2026-03-09 12:28:01,018 | INFO | Saved C:\Users\admin\Documents\GitHub\EUR-PLN-Tracker\backend\data\ds_H7.csv | rows=4017 | cols=58 | W=30
2026-03-09 12:28:01,018 | INFO | H=30 -> W=60
2026-03-09 12:28:01,230 | INFO | Saved C:\Users\admin\Documents\GitHub\EUR-PLN-Tracker\backend\data\ds_H30.csv | rows=3994 | cols=88 | W=60
2026-03-09 12:28:01,230 | INFO | H=90 -> W=120
2026-03-09 12:28:01,558 | INFO | Saved C:\Users\admin\Documents\GitHub\EUR-PLN-Tracker\backend\data\ds_H90.csv | rows=3874 | cols=148 | W=120
2026-03-09 12:28:01,558 | INFO | H=180 -> W=180
2026-03-09 12:28:01,978 | INFO | Saved C:\Users\admin\Documents\GitHub\EUR-PLN-Tracker\backend\data\ds_H180.csv | rows=3724 | cols=208 | W=180
2026-03-09 12:28:01,978 | INFO | H=365 -> W=260
2026-03-09 12:28:02,528 | INFO | Saved C:\Users\admin\Documents\GitHub\EUR-PLN-Tracker\backend\data\ds_H365.csv | rows=3459 | cols=288 | W=260
2026-03-09 12:28:02,529 | INFO | Saved manifest: C:\Users\admin\Documents\GitHub\EUR-PLN-Tracker\backend\runs\2026-03-09_122759\datasets_manifest.json
2026-03-09 12:28:02,529 | INFO | DONE build_dataset
2026-03-09 12:28:03,716 | INFO | START train_eval
2026-03-09 12:28:03,741 | INFO | H=1 | dataset=C:\Users\admin\Documents\GitHub\EUR-PLN-Tracker\backend\data\ds_H1.csv | rows=4023 | inferred W=20
2026-03-09 12:28:03,743 | INFO | H=1 | split train=3633 | val=130 | test=260
2026-03-09 12:28:03,744 | INFO | H=1 | best baselines = {'SMA': 5, 'EMA': 10}
2026-03-09 12:28:03,745 | INFO | H=1 | tuning disabled
2026-03-09 12:28:12,968 | INFO | H=1 | running SARIMAX fair predictions
2026-03-09 12:28:25,494 | INFO | H=1 | best model = Naive
2026-03-09 12:28:49,694 | INFO | H=1 | saved C:\Users\admin\Documents\GitHub\EUR-PLN-Tracker\backend\runs\2026-03-09_122759\predictions_H1.csv
2026-03-09 12:28:49,694 | INFO | Źródło z manifestu: C:\Users\admin\Documents\GitHub\EUR-PLN-Tracker\backend\runs\2026-03-09_122759\raw_eurpln.csv
2026-03-09 12:28:54,027 | INFO | H=7 | dataset=C:\Users\admin\Documents\GitHub\EUR-PLN-Tracker\backend\data\ds_H7.csv | rows=4017 | inferred W=30
2026-03-09 12:28:54,030 | INFO | H=7 | split train=3627 | val=130 | test=260
2026-03-09 12:28:54,032 | INFO | H=7 | best baselines = {'SMA': 5, 'EMA': 10}
2026-03-09 12:28:54,032 | INFO | H=7 | tuning disabled
2026-03-09 12:29:05,534 | INFO | H=7 | running SARIMAX fair predictions
2026-03-09 12:29:18,738 | INFO | H=7 | best model = Naive
2026-03-09 12:29:46,914 | INFO | H=7 | saved C:\Users\admin\Documents\GitHub\EUR-PLN-Tracker\backend\runs\2026-03-09_122759\predictions_H7.csv
2026-03-09 12:29:46,915 | INFO | Źródło z manifestu: C:\Users\admin\Documents\GitHub\EUR-PLN-Tracker\backend\runs\2026-03-09_122759\raw_eurpln.csv
2026-03-09 12:29:52,584 | INFO | H=30 | dataset=C:\Users\admin\Documents\GitHub\EUR-PLN-Tracker\backend\data\ds_H30.csv | rows=3994 | inferred W=60
2026-03-09 12:29:52,588 | INFO | H=30 | split train=3604 | val=130 | test=260
2026-03-09 12:29:52,589 | INFO | H=30 | best baselines = {'SMA': 60, 'EMA': 10}
2026-03-09 12:29:52,590 | INFO | H=30 | tuning disabled
2026-03-09 12:30:09,819 | INFO | H=30 | running SARIMAX fair predictions
2026-03-09 12:30:23,199 | INFO | H=30 | best model = Ridge
2026-03-09 12:31:00,121 | INFO | H=30 | saved C:\Users\admin\Documents\GitHub\EUR-PLN-Tracker\backend\runs\2026-03-09_122759\predictions_H30.csv
2026-03-09 12:31:00,122 | INFO | Źródło z manifestu: C:\Users\admin\Documents\GitHub\EUR-PLN-Tracker\backend\runs\2026-03-09_122759\raw_eurpln.csv
2026-03-09 12:31:08,912 | INFO | H=90 | dataset=C:\Users\admin\Documents\GitHub\EUR-PLN-Tracker\backend\data\ds_H90.csv | rows=3874 | inferred W=120
2026-03-09 12:31:08,917 | INFO | H=90 | split train=3484 | val=130 | test=260
2026-03-09 12:31:08,919 | INFO | H=90 | best baselines = {'SMA': 20, 'EMA': 20}
2026-03-09 12:31:08,919 | INFO | H=90 | tuning disabled
2026-03-09 12:31:29,692 | INFO | H=90 | running SARIMAX fair predictions
2026-03-09 12:31:46,408 | INFO | H=90 | best model = SMA
2026-03-09 12:32:41,391 | INFO | H=90 | saved C:\Users\admin\Documents\GitHub\EUR-PLN-Tracker\backend\runs\2026-03-09_122759\predictions_H90.csv
2026-03-09 12:32:41,391 | INFO | Źródło z manifestu: C:\Users\admin\Documents\GitHub\EUR-PLN-Tracker\backend\runs\2026-03-09_122759\raw_eurpln.csv
2026-03-09 12:32:52,491 | INFO | H=180 | dataset=C:\Users\admin\Documents\GitHub\EUR-PLN-Tracker\backend\data\ds_H180.csv | rows=3724 | inferred W=180
2026-03-09 12:32:52,497 | INFO | H=180 | split train=3334 | val=130 | test=260
2026-03-09 12:32:52,499 | INFO | H=180 | best baselines = {'SMA': 5, 'EMA': 10}
2026-03-09 12:32:52,499 | INFO | H=180 | tuning disabled
2026-03-09 12:33:21,613 | INFO | H=180 | running SARIMAX fair predictions
2026-03-09 12:33:41,001 | INFO | H=180 | best model = ExtraTrees
2026-03-09 12:34:55,670 | INFO | H=180 | saved C:\Users\admin\Documents\GitHub\EUR-PLN-Tracker\backend\runs\2026-03-09_122759\predictions_H180.csv
2026-03-09 12:34:55,670 | INFO | Źródło z manifestu: C:\Users\admin\Documents\GitHub\EUR-PLN-Tracker\backend\runs\2026-03-09_122759\raw_eurpln.csv
2026-03-09 12:35:11,180 | INFO | H=365 | dataset=C:\Users\admin\Documents\GitHub\EUR-PLN-Tracker\backend\data\ds_H365.csv | rows=3459 | inferred W=260
2026-03-09 12:35:11,189 | INFO | H=365 | split train=3069 | val=130 | test=260
2026-03-09 12:35:11,190 | INFO | H=365 | best baselines = {'SMA': 5, 'EMA': 10}
2026-03-09 12:35:11,191 | INFO | H=365 | tuning disabled
2026-03-09 12:35:40,880 | INFO | H=365 | running SARIMAX fair predictions
2026-03-09 12:36:08,011 | INFO | H=365 | best model = ElasticNet
2026-03-09 12:37:18,263 | INFO | H=365 | saved C:\Users\admin\Documents\GitHub\EUR-PLN-Tracker\backend\runs\2026-03-09_122759\predictions_H365.csv
2026-03-09 12:37:18,264 | INFO | Źródło z manifestu: C:\Users\admin\Documents\GitHub\EUR-PLN-Tracker\backend\runs\2026-03-09_122759\raw_eurpln.csv
2026-03-09 12:37:32,778 | INFO | Saved C:\Users\admin\Documents\GitHub\EUR-PLN-Tracker\backend\runs\2026-03-09_122759\run_config.json
2026-03-09 12:37:32,778 | INFO | Saved C:\Users\admin\Documents\GitHub\EUR-PLN-Tracker\backend\runs\2026-03-09_122759\metrics.json
2026-03-09 12:37:32,778 | INFO | Saved C:\Users\admin\Documents\GitHub\EUR-PLN-Tracker\backend\runs\2026-03-09_122759\metrics.csv
2026-03-09 12:37:32,778 | INFO | Saved C:\Users\admin\Documents\GitHub\EUR-PLN-Tracker\backend\runs\2026-03-09_122759\forecast_points.csv
2026-03-09 12:37:32,778 | INFO | Saved C:\Users\admin\Documents\GitHub\EUR-PLN-Tracker\backend\runs\2026-03-09_122759\backtest.json
2026-03-09 12:37:32,778 | INFO | Saved C:\Users\admin\Documents\GitHub\EUR-PLN-Tracker\backend\runs\2026-03-09_122759\best_ml_params.json
2026-03-09 12:37:32,778 | INFO | Saved C:\Users\admin\Documents\GitHub\EUR-PLN-Tracker\backend\runs\2026-03-09_122759\summary.json
2026-03-09 12:37:32,778 | INFO | DONE train_eval in 0 days 00:09:29.061858
