2026-06-04 23:36:37,454 | INFO | START build_dataset | pair=eurpln | H=[1, 7, 30, 90, 180, 365]
2026-06-04 23:36:37,454 | INFO | rolling_windows=[5, 10, 20, 60] | ema_spans=[10, 20]
2026-06-04 23:36:37,455 | INFO | Znaleziono plik źródłowy: C:\Users\admin\Documents\GitHub\EUR-PLN-Tracker\backend\runs\2026-06-04_233636\raw_eurpln.csv
2026-06-04 23:36:37,462 | INFO | Source rows=4143 | range=2010-01-04..2026-06-03
2026-06-04 23:36:37,462 | INFO | H=1 -> W=20
2026-06-04 23:36:37,584 | INFO | Saved C:\Users\admin\Documents\GitHub\EUR-PLN-Tracker\backend\data\ds_H1.csv | rows=4083 | cols=48 | W=20
2026-06-04 23:36:37,584 | INFO | H=7 -> W=30
2026-06-04 23:36:37,733 | INFO | Saved C:\Users\admin\Documents\GitHub\EUR-PLN-Tracker\backend\data\ds_H7.csv | rows=4077 | cols=58 | W=30
2026-06-04 23:36:37,733 | INFO | H=30 -> W=60
2026-06-04 23:36:37,931 | INFO | Saved C:\Users\admin\Documents\GitHub\EUR-PLN-Tracker\backend\data\ds_H30.csv | rows=4054 | cols=88 | W=60
2026-06-04 23:36:37,931 | INFO | H=90 -> W=120
2026-06-04 23:36:38,267 | INFO | Saved C:\Users\admin\Documents\GitHub\EUR-PLN-Tracker\backend\data\ds_H90.csv | rows=3934 | cols=148 | W=120
2026-06-04 23:36:38,267 | INFO | H=180 -> W=180
2026-06-04 23:36:38,849 | INFO | Saved C:\Users\admin\Documents\GitHub\EUR-PLN-Tracker\backend\data\ds_H180.csv | rows=3784 | cols=208 | W=180
2026-06-04 23:36:38,849 | INFO | H=365 -> W=260
2026-06-04 23:36:39,788 | INFO | Saved C:\Users\admin\Documents\GitHub\EUR-PLN-Tracker\backend\data\ds_H365.csv | rows=3519 | cols=288 | W=260
2026-06-04 23:36:39,789 | INFO | Saved manifest: C:\Users\admin\Documents\GitHub\EUR-PLN-Tracker\backend\runs\2026-06-04_233636\datasets_manifest.json
2026-06-04 23:36:39,789 | INFO | DONE build_dataset
2026-06-04 23:36:41,039 | INFO | START train_eval
2026-06-04 23:36:41,066 | INFO | H=1 | dataset=C:\Users\admin\Documents\GitHub\EUR-PLN-Tracker\backend\data\ds_H1.csv | rows=4083 | inferred W=20
2026-06-04 23:36:41,068 | INFO | H=1 | split train=3693 | val=130 | test=260
2026-06-04 23:36:41,069 | INFO | H=1 | best baselines = {'SMA': 5, 'EMA': 10}
2026-06-04 23:36:41,069 | INFO | H=1 | tuning disabled
2026-06-04 23:36:59,969 | INFO | H=1 | running SARIMAX fair predictions
2026-06-04 23:37:19,997 | INFO | H=1 | best model = Naive
