2026-06-04 23:36:36,257 | INFO | START run_experiment | run_dir=C:\Users\admin\Documents\GitHub\EUR-PLN-Tracker\backend\runs\2026-06-04_233636
2026-06-04 23:36:36,257 | INFO | [fetch] Attempt 1: C:\Users\admin\AppData\Local\Programs\Python\Python312\python.exe -m src.fetch_nbp --config C:\Users\admin\Documents\GitHub\EUR-PLN-Tracker\backend\configs\config.json --run C:\Users\admin\Documents\GitHub\EUR-PLN-Tracker\backend\runs\2026-06-04_233636
2026-06-04 23:36:37,125 | INFO | [fetch] STDERR:
C:\Users\admin\AppData\Local\Programs\Python\Python312\Lib\site-packages\requests\__init__.py:113: RequestsDependencyWarning: urllib3 (2.6.3) or chardet (7.3.0)/charset_normalizer (3.4.4) doesn't match a supported version!
  warnings.warn(
23:36:36 | INFO | START fetch | pair=EUR/PLN | freq=daily | range=2010-01-01..2026-06-04 | refresh=False
23:36:36 | INFO | Incremental fetch from 2026-06-04..2026-06-04
23:36:36 | INFO | GET 2026-06-04..2026-06-04
23:36:37 | WARNING | NBP zwrócił 404 dla zakresu 2026-06-04..2026-06-04. Pomijam ten zakres.
23:36:37 | WARNING | NBP nie zwrócił nowych rekordów. Zostawiam istniejący plik danych.
23:36:37 | INFO | Saved C:\Users\admin\Documents\GitHub\EUR-PLN-Tracker\backend\data\raw_eurpln_2010-01-01_2026-06-04.csv rows=4143
23:36:37 | INFO | Saved C:\Users\admin\Documents\GitHub\EUR-PLN-Tracker\backend\runs\2026-06-04_233636\raw_eurpln.csv rows=4143
23:36:37 | INFO | Saved C:\Users\admin\Documents\GitHub\EUR-PLN-Tracker\backend\data\raw_eurpln.csv rows=4143
23:36:37 | INFO | Saved C:\Users\admin\Documents\GitHub\EUR-PLN-Tracker\backend\data\eur_a.csv rows=4143
23:36:37 | INFO | DONE fetch daily
2026-06-04 23:36:37,126 | INFO | [fetch] OK in 0.87s
2026-06-04 23:36:37,126 | INFO | [build_dataset] Attempt 1: C:\Users\admin\AppData\Local\Programs\Python\Python312\python.exe -m src.build_dataset --config C:\Users\admin\Documents\GitHub\EUR-PLN-Tracker\backend\configs\config.json --run C:\Users\admin\Documents\GitHub\EUR-PLN-Tracker\backend\runs\2026-06-04_233636
2026-06-04 23:36:39,838 | INFO | [build_dataset] STDERR:
2026-06-04 23:36:37,454 | INFO | START build_dataset | pair=eurpln | H=[1, 7, 30, 90, 180, 365]
2026-06-04 23:36:37,454 | INFO | rolling_windows=[5, 10, 20, 60] | ema_spans=[10, 20]
2026-06-04 23:36:37,455 | INFO | Znaleziono plik źródłowy: C:\Users\admin\Documents\GitHub\EUR-PLN-Tracker\backend\runs\2026-06-04_233636\raw_eurpln.csv
2026-06-04 23:36:37,462 | INFO | Source rows=4143 | range=2010-01-04..2026-06-03
2026-06-04 23:36:37,462 | INFO | H=1 -> W=20
2026-06-04 23:36:37,584 | INFO | Saved C:\Users\admin\Documents\GitHub\EUR-PLN-Tracker\backend\data\ds_H1.csv | rows=4083 | cols=48 | W=20
2026-06-04 23:36:37,584 | INFO | H=7 -> W=30
2026-06-04 23:36:37,733 | INFO | Saved C:\Users\admin\Documents\GitHub\EUR-PLN-Tracker\backend\data\ds_H7.csv | rows=4077 | cols=58 | W=30
2026-06-04 23:36:37,733 | INFO | H=30 -> W=60
2026-06-04 23:36:37,931 | INFO | Saved C:\Users\admin\Documents\GitHub\EUR-PLN-Tracker\backend\data\ds_H30.csv | rows=4054 | cols=88 | W=60
2026-06-04 23:36:37,931 | INFO | H=90 -> W=120
2026-06-04 23:36:38,267 | INFO | Saved C:\Users\admin\Documents\GitHub\EUR-PLN-Tracker\backend\data\ds_H90.csv | rows=3934 | cols=148 | W=120
2026-06-04 23:36:38,267 | INFO | H=180 -> W=180
2026-06-04 23:36:38,849 | INFO | Saved C:\Users\admin\Documents\GitHub\EUR-PLN-Tracker\backend\data\ds_H180.csv | rows=3784 | cols=208 | W=180
2026-06-04 23:36:38,849 | INFO | H=365 -> W=260
2026-06-04 23:36:39,788 | INFO | Saved C:\Users\admin\Documents\GitHub\EUR-PLN-Tracker\backend\data\ds_H365.csv | rows=3519 | cols=288 | W=260
2026-06-04 23:36:39,789 | INFO | Saved manifest: C:\Users\admin\Documents\GitHub\EUR-PLN-Tracker\backend\runs\2026-06-04_233636\datasets_manifest.json
2026-06-04 23:36:39,789 | INFO | DONE build_dataset
2026-06-04 23:36:39,838 | INFO | [build_dataset] OK in 2.71s
2026-06-04 23:36:39,838 | INFO | [train_eval] Attempt 1: C:\Users\admin\AppData\Local\Programs\Python\Python312\python.exe -m src.train_eval --config C:\Users\admin\Documents\GitHub\EUR-PLN-Tracker\backend\configs\config.json --run C:\Users\admin\Documents\GitHub\EUR-PLN-Tracker\backend\runs\2026-06-04_233636 --no-tuning --test-size-samples 260
