17:04:12 | START /api/run payload={'noTuning': True, 'testSizeSamples': 260, 'valSizeSamples': 130, 'zoomWindowDays': 90, 'forecastDays7': 7, 'forecastDays30': 22, 'forecastDays90': 65, 'forecastDays180': 130, 'forecastDays365': 260, 'forecastDays1m': None, 'forecastDays12m': None, 'backtestWindows': 5, 'dataFreq': 'daily', 'logLevel': 'INFO', 'years': 5, 'refresh': False, 'freq': 'daily', 'hourlyProvider': 'derived', 'fillWeekends': False}
17:04:12 | STAGE fetch
17:04:12 | RUN: c:\Users\admin\Documents\GitHub\EUR-PLN-Tracker\.venv\Scripts\python.exe -u C:\Users\admin\Documents\GitHub\EUR-PLN-Tracker\backend\fetch_nbp.py --years 5 --out C:\Users\admin\Documents\GitHub\EUR-PLN-Tracker\data\eur_a.csv --freq daily --log-level INFO
17:04:12 | 18:04:12 | INFO | START fetch | freq=daily years=5 refresh=False
17:04:12 | 18:04:12 | INFO | Range approx: 2021-03-08..2026-03-08
17:04:12 | 18:04:12 | INFO | Incremental fetch from 2026-02-12..2026-03-08
17:04:12 | 18:04:12 | INFO | GET 2026-02-12..2026-03-08
17:04:13 | 18:04:13 | ERROR | FAILED fetch
17:04:13 | Traceback (most recent call last):
17:04:13 |   File "C:\Users\admin\Documents\GitHub\EUR-PLN-Tracker\backend\fetch_nbp.py", line 228, in <module>
17:04:13 |     main()
17:04:13 |   File "C:\Users\admin\Documents\GitHub\EUR-PLN-Tracker\backend\fetch_nbp.py", line 186, in main
17:04:13 |     daily_df.sort_values("date")
17:04:13 |   File "c:\Users\admin\Documents\GitHub\EUR-PLN-Tracker\.venv\Lib\site-packages\pandas\core\frame.py", line 8358, in sort_values
17:04:13 |     indexer = nargsort(
17:04:13 |               ^^^^^^^^^
17:04:13 |   File "c:\Users\admin\Documents\GitHub\EUR-PLN-Tracker\.venv\Lib\site-packages\pandas\core\sorting.py", line 442, in nargsort
17:04:13 |     indexer = non_nan_idx[non_nans.argsort(kind=kind)]
17:04:13 |                           ^^^^^^^^^^^^^^^^^^^^^^^^^^^
17:04:13 |   File "pandas/_libs/tslibs/timestamps.pyx", line 492, in pandas._libs.tslibs.timestamps._Timestamp.__richcmp__
17:04:13 | TypeError: Cannot compare Timestamp with datetime.date. Use ts == pd.Timestamp(date) or ts.date() == date instead.
17:04:13 | Traceback (most recent call last):
17:04:13 |   File "C:\Users\admin\Documents\GitHub\EUR-PLN-Tracker\backend\fetch_nbp.py", line 228, in <module>
17:04:13 |     main()
17:04:13 |   File "C:\Users\admin\Documents\GitHub\EUR-PLN-Tracker\backend\fetch_nbp.py", line 186, in main
17:04:13 |     daily_df.sort_values("date")
17:04:13 |   File "c:\Users\admin\Documents\GitHub\EUR-PLN-Tracker\.venv\Lib\site-packages\pandas\core\frame.py", line 8358, in sort_values
17:04:13 |     indexer = nargsort(
17:04:13 |               ^^^^^^^^^
17:04:13 |   File "c:\Users\admin\Documents\GitHub\EUR-PLN-Tracker\.venv\Lib\site-packages\pandas\core\sorting.py", line 442, in nargsort
17:04:13 |     indexer = non_nan_idx[non_nans.argsort(kind=kind)]
17:04:13 |                           ^^^^^^^^^^^^^^^^^^^^^^^^^^^
17:04:13 |   File "pandas/_libs/tslibs/timestamps.pyx", line 492, in pandas._libs.tslibs.timestamps._Timestamp.__richcmp__
17:04:13 | TypeError: Cannot compare Timestamp with datetime.date. Use ts == pd.Timestamp(date) or ts.date() == date instead.
17:04:13 | ERROR: Command failed (code=1): c:\Users\admin\Documents\GitHub\EUR-PLN-Tracker\.venv\Scripts\python.exe -u C:\Users\admin\Documents\GitHub\EUR-PLN-Tracker\backend\fetch_nbp.py --years 5 --out C:\Users\admin\Documents\GitHub\EUR-PLN-Tracker\data\eur_a.csv --freq daily --log-level INFO
